// Jest Snapshot v1, https://goo.gl/fbAQLP

exports[`Render basic component should check snapshot with name 1`] = `
<div>
  <div
    class="horizontal layout-spacing-undefined StyledProps--main breadcrumbs StyledProps--flex StyledProps--flex-align-center-center StyledProps--flex-justifyContent-flex-start"
  >
    <div
      class="horizontal layout-spacing-undefined StyledProps--main StyledProps--flex StyledProps--flex-align-center-center StyledProps--flex-justifyContent-flex-start"
    >
      <a
        class="breadcrumb"
        href="/"
      >
        <span
          class="bp3-icon bp3-icon-add StyledProps--main StyledProps--padding-right-xsmall"
          icon="add"
        >
          <svg
            data-icon="add"
            height="16"
            viewBox="0 0 16 16"
            width="16"
          >
            <desc>
              add
            </desc>
            <path
              d="M10.99 6.99h-2v-2c0-.55-.45-1-1-1s-1 .45-1 1v2h-2c-.55 0-1 .45-1 1s.45 1 1 1h2v2c0 .55.45 1 1 1s1-.45 1-1v-2h2c.55 0 1-.45 1-1s-.45-1-1-1zm-3-7c-4.42 0-8 3.58-8 8s3.58 8 8 8 8-3.58 8-8-3.58-8-8-8zm0 14c-3.31 0-6-2.69-6-6s2.69-6 6-6 6 2.69 6 6-2.68 6-6 6z"
              fill-rule="evenodd"
            />
          </svg>
        </span>
        <p
          class="StyledProps--font StyledProps--main StyledProps--intent-primary StyledProps--font-size-small"
        >
          Google
        </p>
      </a>
      <span
        class="bp3-icon StyledProps--main StyledProps--color StyledProps--color-grey500 StyledProps--padding-right-xsmall StyledProps--padding-left-xsmall"
        data-icon="main-chevron-right"
      >
        <svg
          height="8"
          viewBox="0 0 8 14"
          width="8"
          xmlns="http://www.w3.org/2000/svg"
        >
          <path
            d="M7.7 6.3l-6-6C1.5.1 1.3 0 1 0 .4 0 0 .4 0 1c0 .3.1.5.3.7L5.6 7 .3 12.3c-.2.2-.3.4-.3.7 0 .6.4 1 1 1 .3 0 .5-.1.7-.3l6-6c.2-.2.3-.4.3-.7s-.1-.5-.3-.7z"
            fill="#4d5969"
          />
        </svg>
      </span>
    </div>
    <div
      class="horizontal layout-spacing-undefined StyledProps--main StyledProps--flex StyledProps--flex-align-center-center StyledProps--flex-justifyContent-flex-start"
    >
      <a
        class="breadcrumb"
        href="/"
      >
        <span
          class="bp3-icon StyledProps--main StyledProps--padding-right-xsmall"
          data-icon="pipeline-approval"
        >
          <svg
            height="16"
            viewBox="0 0 19 17"
            width="16"
            xmlns="http://www.w3.org/2000/svg"
          >
            <path
              d="M18.81.669l.006.004.015.013a.5.5 0 01.062.7L6.479 16.375a.5.5 0 01-.709.062.52.52 0 01-.136-.176.523.523 0 01-.126-.095L.132 10.578a.5.5 0 01.005-.698l.017-.018a.5.5 0 01.707-.005l.007.007 5.233 5.367L18.107.735a.5.5 0 01.704-.066z"
              fill="currentColor"
              fill-rule="evenodd"
            />
          </svg>
        </span>
        <p
          class="StyledProps--font StyledProps--main StyledProps--intent-primary StyledProps--font-size-small"
        >
          Gmail
        </p>
      </a>
      <span
        class="bp3-icon StyledProps--main StyledProps--color StyledProps--color-grey500 StyledProps--padding-right-xsmall StyledProps--padding-left-xsmall"
        data-icon="main-chevron-right"
      >
        <svg
          height="8"
          viewBox="0 0 8 14"
          width="8"
          xmlns="http://www.w3.org/2000/svg"
        >
          <path
            d="M7.7 6.3l-6-6C1.5.1 1.3 0 1 0 .4 0 0 .4 0 1c0 .3.1.5.3.7L5.6 7 .3 12.3c-.2.2-.3.4-.3.7 0 .6.4 1 1 1 .3 0 .5-.1.7-.3l6-6c.2-.2.3-.4.3-.7s-.1-.5-.3-.7z"
            fill="#4d5969"
          />
        </svg>
      </span>
    </div>
    <div
      class="horizontal layout-spacing-undefined StyledProps--main StyledProps--flex StyledProps--flex-align-center-center StyledProps--flex-justifyContent-flex-start"
    >
      <a
        class="breadcrumb"
        href="/"
      >
        <p
          class="StyledProps--font StyledProps--main StyledProps--intent-primary StyledProps--font-size-small"
        >
          Gmail2
        </p>
      </a>
      <span
        class="bp3-icon StyledProps--main StyledProps--color StyledProps--color-grey500 StyledProps--padding-right-xsmall StyledProps--padding-left-xsmall"
        data-icon="main-chevron-right"
      >
        <svg
          height="8"
          viewBox="0 0 8 14"
          width="8"
          xmlns="http://www.w3.org/2000/svg"
        >
          <path
            d="M7.7 6.3l-6-6C1.5.1 1.3 0 1 0 .4 0 0 .4 0 1c0 .3.1.5.3.7L5.6 7 .3 12.3c-.2.2-.3.4-.3.7 0 .6.4 1 1 1 .3 0 .5-.1.7-.3l6-6c.2-.2.3-.4.3-.7s-.1-.5-.3-.7z"
            fill="#4d5969"
          />
        </svg>
      </span>
    </div>
  </div>
</div>
`;
