// Jest Snapshot v1, https://goo.gl/fbAQLP

exports[`Test render Radio Select should render default values 1`] = `
<div>
  <div
    class="grid"
  >
    <div
      class="bp3-card bp3-interactive bp3-elevation-0 card interactive"
      data-index="0"
      tabindex="0"
    >
      <div
        class="cardIcon"
      >
        <span
          class="bp3-icon StyledProps--main"
          data-icon="service"
        >
          <svg
            height="25"
            viewBox="0 0 16 14"
            width="25"
            xmlns="http://www.w3.org/2000/svg"
          >
            <path
              d="M8.04 4.695a2.345 2.345 0 100 4.69 2.345 2.345 0 000-4.69zm0 .67a1.675 1.675 0 110 3.35 1.675 1.675 0 010-3.35zM10.398.731H5.64c-.819 0-1.578.427-2.003 1.126L1.052 6.104a2.345 2.345 0 00.055 2.525l2.529 3.774a2.345 2.345 0 001.948 1.04h4.87c.772 0 1.493-.38 1.931-1.014l2.604-3.776c.531-.77.554-1.783.056-2.576l-2.66-4.246a2.345 2.345 0 00-1.987-1.1zm-4.757.67h4.757c.577 0 1.113.297 1.419.786l2.66 4.246c.356.566.34 1.29-.04 1.84l-2.603 3.775a1.675 1.675 0 01-1.38.724h-4.87c-.559 0-1.08-.278-1.392-.742L1.663 8.256a1.675 1.675 0 01-.039-1.804L4.21 2.205c.304-.5.846-.804 1.43-.804z"
              fill="#25a6f7"
            />
          </svg>
        </span>
        <p
          class="StyledProps--font StyledProps--main StyledProps--color"
        >
          Kubernetes
        </p>
      </div>
    </div>
    <div
      class="bp3-card bp3-interactive bp3-elevation-0 card interactive"
      data-index="1"
      tabindex="0"
    >
      <div
        class="cardIcon"
      >
        <span
          class="bp3-icon StyledProps--main"
          data-icon="advanced"
        >
          <svg
            height="25"
            viewBox="0 0 16 16"
            width="25"
            xmlns="http://www.w3.org/2000/svg"
          >
            <path
              clip-rule="evenodd"
              d="M3.557 4.017a.5.5 0 00-.5.492v7.005a.5.5 0 00.5.507h8.98a.5.5 0 00.5-.5l.001-2.554a.5.5 0 111 0v2.554a1.5 1.5 0 01-1.5 1.5h-8.98a1.5 1.5 0 01-1.5-1.522V4.495a1.5 1.5 0 011.5-1.478h2.951a.5.5 0 010 1H3.557z"
              fill="currentColor"
              fill-rule="evenodd"
            />
            <path
              clip-rule="evenodd"
              d="M11.002 3.694a1.3 1.3 0 100 2.6 1.3 1.3 0 000-2.6zm-2.3 1.3a2.3 2.3 0 114.6 0 2.3 2.3 0 01-4.6 0z"
              fill="currentColor"
              fill-rule="evenodd"
            />
            <path
              clip-rule="evenodd"
              d="M10.502 2.949v-.953h1v.953h-1zm0 5.051V6.98h1V8h-1zm2.549-3.502h.953v1h-.953v-1zM8 4.498h1.02v1H8v-1zm4.805 1.596l.674.674-.708.707-.673-.674.707-.707zM9.233 2.522l.722.722-.708.707-.721-.722.707-.707zm2.865.674l.673-.674.708.708-.674.673-.707-.707zM8.526 6.768l.722-.722.707.708-.722.721-.707-.707z"
              fill="currentColor"
              fill-rule="evenodd"
            />
          </svg>
        </span>
        <p
          class="StyledProps--font StyledProps--main StyledProps--color"
        >
          Github
        </p>
      </div>
    </div>
    <div
      class="bp3-card bp3-interactive bp3-elevation-0 card interactive"
      data-index="2"
      tabindex="0"
    >
      <div
        class="cardIcon"
      >
        <span
          class="bp3-icon StyledProps--main"
          data-icon="advanced"
        >
          <svg
            height="25"
            viewBox="0 0 16 16"
            width="25"
            xmlns="http://www.w3.org/2000/svg"
          >
            <path
              clip-rule="evenodd"
              d="M3.557 4.017a.5.5 0 00-.5.492v7.005a.5.5 0 00.5.507h8.98a.5.5 0 00.5-.5l.001-2.554a.5.5 0 111 0v2.554a1.5 1.5 0 01-1.5 1.5h-8.98a1.5 1.5 0 01-1.5-1.522V4.495a1.5 1.5 0 011.5-1.478h2.951a.5.5 0 010 1H3.557z"
              fill="currentColor"
              fill-rule="evenodd"
            />
            <path
              clip-rule="evenodd"
              d="M11.002 3.694a1.3 1.3 0 100 2.6 1.3 1.3 0 000-2.6zm-2.3 1.3a2.3 2.3 0 114.6 0 2.3 2.3 0 01-4.6 0z"
              fill="currentColor"
              fill-rule="evenodd"
            />
            <path
              clip-rule="evenodd"
              d="M10.502 2.949v-.953h1v.953h-1zm0 5.051V6.98h1V8h-1zm2.549-3.502h.953v1h-.953v-1zM8 4.498h1.02v1H8v-1zm4.805 1.596l.674.674-.708.707-.673-.674.707-.707zM9.233 2.522l.722.722-.708.707-.721-.722.707-.707zm2.865.674l.673-.674.708.708-.674.673-.707-.707zM8.526 6.768l.722-.722.707.708-.722.721-.707-.707z"
              fill="currentColor"
              fill-rule="evenodd"
            />
          </svg>
        </span>
        <p
          class="StyledProps--font StyledProps--main StyledProps--color"
        >
          GCP
        </p>
      </div>
    </div>
    <div
      class="bp3-card bp3-interactive bp3-elevation-0 card interactive"
      data-index="3"
      tabindex="0"
    >
      <div
        class="cardIcon"
      >
        <span
          class="bp3-icon StyledProps--main"
          data-icon="advanced"
        >
          <svg
            height="25"
            viewBox="0 0 16 16"
            width="25"
            xmlns="http://www.w3.org/2000/svg"
          >
            <path
              clip-rule="evenodd"
              d="M3.557 4.017a.5.5 0 00-.5.492v7.005a.5.5 0 00.5.507h8.98a.5.5 0 00.5-.5l.001-2.554a.5.5 0 111 0v2.554a1.5 1.5 0 01-1.5 1.5h-8.98a1.5 1.5 0 01-1.5-1.522V4.495a1.5 1.5 0 011.5-1.478h2.951a.5.5 0 010 1H3.557z"
              fill="currentColor"
              fill-rule="evenodd"
            />
            <path
              clip-rule="evenodd"
              d="M11.002 3.694a1.3 1.3 0 100 2.6 1.3 1.3 0 000-2.6zm-2.3 1.3a2.3 2.3 0 114.6 0 2.3 2.3 0 01-4.6 0z"
              fill="currentColor"
              fill-rule="evenodd"
            />
            <path
              clip-rule="evenodd"
              d="M10.502 2.949v-.953h1v.953h-1zm0 5.051V6.98h1V8h-1zm2.549-3.502h.953v1h-.953v-1zM8 4.498h1.02v1H8v-1zm4.805 1.596l.674.674-.708.707-.673-.674.707-.707zM9.233 2.522l.722.722-.708.707-.721-.722.707-.707zm2.865.674l.673-.674.708.708-.674.673-.707-.707zM8.526 6.768l.722-.722.707.708-.722.721-.707-.707z"
              fill="currentColor"
              fill-rule="evenodd"
            />
          </svg>
        </span>
        <p
          class="StyledProps--font StyledProps--main StyledProps--color"
        >
          ELK Service
        </p>
      </div>
    </div>
    <div
      class="bp3-card bp3-interactive bp3-elevation-0 card interactive"
      data-index="4"
      tabindex="0"
    >
      <div
        class="cardIcon"
      >
        <span
          class="bp3-icon StyledProps--main"
          data-icon="advanced"
        >
          <svg
            height="25"
            viewBox="0 0 16 16"
            width="25"
            xmlns="http://www.w3.org/2000/svg"
          >
            <path
              clip-rule="evenodd"
              d="M3.557 4.017a.5.5 0 00-.5.492v7.005a.5.5 0 00.5.507h8.98a.5.5 0 00.5-.5l.001-2.554a.5.5 0 111 0v2.554a1.5 1.5 0 01-1.5 1.5h-8.98a1.5 1.5 0 01-1.5-1.522V4.495a1.5 1.5 0 011.5-1.478h2.951a.5.5 0 010 1H3.557z"
              fill="currentColor"
              fill-rule="evenodd"
            />
            <path
              clip-rule="evenodd"
              d="M11.002 3.694a1.3 1.3 0 100 2.6 1.3 1.3 0 000-2.6zm-2.3 1.3a2.3 2.3 0 114.6 0 2.3 2.3 0 01-4.6 0z"
              fill="currentColor"
              fill-rule="evenodd"
            />
            <path
              clip-rule="evenodd"
              d="M10.502 2.949v-.953h1v.953h-1zm0 5.051V6.98h1V8h-1zm2.549-3.502h.953v1h-.953v-1zM8 4.498h1.02v1H8v-1zm4.805 1.596l.674.674-.708.707-.673-.674.707-.707zM9.233 2.522l.722.722-.708.707-.721-.722.707-.707zm2.865.674l.673-.674.708.708-.674.673-.707-.707zM8.526 6.768l.722-.722.707.708-.722.721-.707-.707z"
              fill="currentColor"
              fill-rule="evenodd"
            />
          </svg>
        </span>
        <p
          class="StyledProps--font StyledProps--main StyledProps--color"
        >
          Git Labs
        </p>
      </div>
    </div>
    <div
      class="bp3-card bp3-interactive bp3-elevation-0 card interactive"
      data-index="5"
      tabindex="0"
    >
      <div
        class="cardIcon"
      >
        <span
          class="bp3-icon StyledProps--main"
          data-icon="advanced"
        >
          <svg
            height="25"
            viewBox="0 0 16 16"
            width="25"
            xmlns="http://www.w3.org/2000/svg"
          >
            <path
              clip-rule="evenodd"
              d="M3.557 4.017a.5.5 0 00-.5.492v7.005a.5.5 0 00.5.507h8.98a.5.5 0 00.5-.5l.001-2.554a.5.5 0 111 0v2.554a1.5 1.5 0 01-1.5 1.5h-8.98a1.5 1.5 0 01-1.5-1.522V4.495a1.5 1.5 0 011.5-1.478h2.951a.5.5 0 010 1H3.557z"
              fill="currentColor"
              fill-rule="evenodd"
            />
            <path
              clip-rule="evenodd"
              d="M11.002 3.694a1.3 1.3 0 100 2.6 1.3 1.3 0 000-2.6zm-2.3 1.3a2.3 2.3 0 114.6 0 2.3 2.3 0 01-4.6 0z"
              fill="currentColor"
              fill-rule="evenodd"
            />
            <path
              clip-rule="evenodd"
              d="M10.502 2.949v-.953h1v.953h-1zm0 5.051V6.98h1V8h-1zm2.549-3.502h.953v1h-.953v-1zM8 4.498h1.02v1H8v-1zm4.805 1.596l.674.674-.708.707-.673-.674.707-.707zM9.233 2.522l.722.722-.708.707-.721-.722.707-.707zm2.865.674l.673-.674.708.708-.674.673-.707-.707zM8.526 6.768l.722-.722.707.708-.722.721-.707-.707z"
              fill="currentColor"
              fill-rule="evenodd"
            />
          </svg>
        </span>
        <p
          class="StyledProps--font StyledProps--main StyledProps--color"
        >
          Datadog
        </p>
      </div>
    </div>
    <div
      class="bp3-card bp3-interactive bp3-elevation-0 card interactive"
      data-index="6"
      tabindex="0"
    >
      <div
        class="cardIcon"
      >
        <span
          class="bp3-icon StyledProps--main"
          data-icon="advanced"
        >
          <svg
            height="25"
            viewBox="0 0 16 16"
            width="25"
            xmlns="http://www.w3.org/2000/svg"
          >
            <path
              clip-rule="evenodd"
              d="M3.557 4.017a.5.5 0 00-.5.492v7.005a.5.5 0 00.5.507h8.98a.5.5 0 00.5-.5l.001-2.554a.5.5 0 111 0v2.554a1.5 1.5 0 01-1.5 1.5h-8.98a1.5 1.5 0 01-1.5-1.522V4.495a1.5 1.5 0 011.5-1.478h2.951a.5.5 0 010 1H3.557z"
              fill="currentColor"
              fill-rule="evenodd"
            />
            <path
              clip-rule="evenodd"
              d="M11.002 3.694a1.3 1.3 0 100 2.6 1.3 1.3 0 000-2.6zm-2.3 1.3a2.3 2.3 0 114.6 0 2.3 2.3 0 01-4.6 0z"
              fill="currentColor"
              fill-rule="evenodd"
            />
            <path
              clip-rule="evenodd"
              d="M10.502 2.949v-.953h1v.953h-1zm0 5.051V6.98h1V8h-1zm2.549-3.502h.953v1h-.953v-1zM8 4.498h1.02v1H8v-1zm4.805 1.596l.674.674-.708.707-.673-.674.707-.707zM9.233 2.522l.722.722-.708.707-.721-.722.707-.707zm2.865.674l.673-.674.708.708-.674.673-.707-.707zM8.526 6.768l.722-.722.707.708-.722.721-.707-.707z"
              fill="currentColor"
              fill-rule="evenodd"
            />
          </svg>
        </span>
        <p
          class="StyledProps--font StyledProps--main StyledProps--color"
        >
          Slack
        </p>
      </div>
    </div>
    <div
      class="bp3-card bp3-interactive bp3-elevation-0 card interactive"
      data-index="7"
      tabindex="0"
    >
      <div
        class="cardIcon"
      >
        <span
          class="bp3-icon StyledProps--main"
          data-icon="advanced"
        >
          <svg
            height="25"
            viewBox="0 0 16 16"
            width="25"
            xmlns="http://www.w3.org/2000/svg"
          >
            <path
              clip-rule="evenodd"
              d="M3.557 4.017a.5.5 0 00-.5.492v7.005a.5.5 0 00.5.507h8.98a.5.5 0 00.5-.5l.001-2.554a.5.5 0 111 0v2.554a1.5 1.5 0 01-1.5 1.5h-8.98a1.5 1.5 0 01-1.5-1.522V4.495a1.5 1.5 0 011.5-1.478h2.951a.5.5 0 010 1H3.557z"
              fill="currentColor"
              fill-rule="evenodd"
            />
            <path
              clip-rule="evenodd"
              d="M11.002 3.694a1.3 1.3 0 100 2.6 1.3 1.3 0 000-2.6zm-2.3 1.3a2.3 2.3 0 114.6 0 2.3 2.3 0 01-4.6 0z"
              fill="currentColor"
              fill-rule="evenodd"
            />
            <path
              clip-rule="evenodd"
              d="M10.502 2.949v-.953h1v.953h-1zm0 5.051V6.98h1V8h-1zm2.549-3.502h.953v1h-.953v-1zM8 4.498h1.02v1H8v-1zm4.805 1.596l.674.674-.708.707-.673-.674.707-.707zM9.233 2.522l.722.722-.708.707-.721-.722.707-.707zm2.865.674l.673-.674.708.708-.674.673-.707-.707zM8.526 6.768l.722-.722.707.708-.722.721-.707-.707z"
              fill="currentColor"
              fill-rule="evenodd"
            />
          </svg>
        </span>
        <p
          class="StyledProps--font StyledProps--main StyledProps--color"
        >
          Jenkins
        </p>
      </div>
    </div>
  </div>
</div>
`;

exports[`Test render Radio Select should render with disabled value 1`] = `
<div>
  <div
    class="grid"
  >
    <div
      class="bp3-card bp3-interactive bp3-elevation-0 card interactive"
      data-index="0"
      tabindex="0"
    >
      <div
        class="cardIcon"
      >
        <span
          class="bp3-icon StyledProps--main"
          data-icon="service"
        >
          <svg
            height="25"
            viewBox="0 0 16 14"
            width="25"
            xmlns="http://www.w3.org/2000/svg"
          >
            <path
              d="M8.04 4.695a2.345 2.345 0 100 4.69 2.345 2.345 0 000-4.69zm0 .67a1.675 1.675 0 110 3.35 1.675 1.675 0 010-3.35zM10.398.731H5.64c-.819 0-1.578.427-2.003 1.126L1.052 6.104a2.345 2.345 0 00.055 2.525l2.529 3.774a2.345 2.345 0 001.948 1.04h4.87c.772 0 1.493-.38 1.931-1.014l2.604-3.776c.531-.77.554-1.783.056-2.576l-2.66-4.246a2.345 2.345 0 00-1.987-1.1zm-4.757.67h4.757c.577 0 1.113.297 1.419.786l2.66 4.246c.356.566.34 1.29-.04 1.84l-2.603 3.775a1.675 1.675 0 01-1.38.724h-4.87c-.559 0-1.08-.278-1.392-.742L1.663 8.256a1.675 1.675 0 01-.039-1.804L4.21 2.205c.304-.5.846-.804 1.43-.804z"
              fill="#25a6f7"
            />
          </svg>
        </span>
        <p
          class="StyledProps--font StyledProps--main StyledProps--color"
        >
          Kubernetes
        </p>
      </div>
    </div>
    <div
      class="bp3-card bp3-interactive bp3-elevation-0 card interactive"
      data-index="1"
      tabindex="0"
    >
      <div
        class="cardIcon"
      >
        <span
          class="bp3-icon StyledProps--main"
          data-icon="advanced"
        >
          <svg
            height="25"
            viewBox="0 0 16 16"
            width="25"
            xmlns="http://www.w3.org/2000/svg"
          >
            <path
              clip-rule="evenodd"
              d="M3.557 4.017a.5.5 0 00-.5.492v7.005a.5.5 0 00.5.507h8.98a.5.5 0 00.5-.5l.001-2.554a.5.5 0 111 0v2.554a1.5 1.5 0 01-1.5 1.5h-8.98a1.5 1.5 0 01-1.5-1.522V4.495a1.5 1.5 0 011.5-1.478h2.951a.5.5 0 010 1H3.557z"
              fill="currentColor"
              fill-rule="evenodd"
            />
            <path
              clip-rule="evenodd"
              d="M11.002 3.694a1.3 1.3 0 100 2.6 1.3 1.3 0 000-2.6zm-2.3 1.3a2.3 2.3 0 114.6 0 2.3 2.3 0 01-4.6 0z"
              fill="currentColor"
              fill-rule="evenodd"
            />
            <path
              clip-rule="evenodd"
              d="M10.502 2.949v-.953h1v.953h-1zm0 5.051V6.98h1V8h-1zm2.549-3.502h.953v1h-.953v-1zM8 4.498h1.02v1H8v-1zm4.805 1.596l.674.674-.708.707-.673-.674.707-.707zM9.233 2.522l.722.722-.708.707-.721-.722.707-.707zm2.865.674l.673-.674.708.708-.674.673-.707-.707zM8.526 6.768l.722-.722.707.708-.722.721-.707-.707z"
              fill="currentColor"
              fill-rule="evenodd"
            />
          </svg>
        </span>
        <p
          class="StyledProps--font StyledProps--main StyledProps--color"
        >
          Github
        </p>
      </div>
    </div>
    <div
      class="bp3-card bp3-elevation-0 card disabled"
      data-index="2"
    >
      <div
        class="cardIcon"
      >
        <span
          class="bp3-icon StyledProps--main"
          data-icon="advanced"
        >
          <svg
            height="25"
            viewBox="0 0 16 16"
            width="25"
            xmlns="http://www.w3.org/2000/svg"
          >
            <path
              clip-rule="evenodd"
              d="M3.557 4.017a.5.5 0 00-.5.492v7.005a.5.5 0 00.5.507h8.98a.5.5 0 00.5-.5l.001-2.554a.5.5 0 111 0v2.554a1.5 1.5 0 01-1.5 1.5h-8.98a1.5 1.5 0 01-1.5-1.522V4.495a1.5 1.5 0 011.5-1.478h2.951a.5.5 0 010 1H3.557z"
              fill="currentColor"
              fill-rule="evenodd"
            />
            <path
              clip-rule="evenodd"
              d="M11.002 3.694a1.3 1.3 0 100 2.6 1.3 1.3 0 000-2.6zm-2.3 1.3a2.3 2.3 0 114.6 0 2.3 2.3 0 01-4.6 0z"
              fill="currentColor"
              fill-rule="evenodd"
            />
            <path
              clip-rule="evenodd"
              d="M10.502 2.949v-.953h1v.953h-1zm0 5.051V6.98h1V8h-1zm2.549-3.502h.953v1h-.953v-1zM8 4.498h1.02v1H8v-1zm4.805 1.596l.674.674-.708.707-.673-.674.707-.707zM9.233 2.522l.722.722-.708.707-.721-.722.707-.707zm2.865.674l.673-.674.708.708-.674.673-.707-.707zM8.526 6.768l.722-.722.707.708-.722.721-.707-.707z"
              fill="currentColor"
              fill-rule="evenodd"
            />
          </svg>
        </span>
        <p
          class="StyledProps--font StyledProps--main StyledProps--color"
        >
          GCP
        </p>
      </div>
    </div>
    <div
      class="bp3-card bp3-interactive bp3-elevation-0 card interactive"
      data-index="3"
      tabindex="0"
    >
      <div
        class="cardIcon"
      >
        <span
          class="bp3-icon StyledProps--main"
          data-icon="advanced"
        >
          <svg
            height="25"
            viewBox="0 0 16 16"
            width="25"
            xmlns="http://www.w3.org/2000/svg"
          >
            <path
              clip-rule="evenodd"
              d="M3.557 4.017a.5.5 0 00-.5.492v7.005a.5.5 0 00.5.507h8.98a.5.5 0 00.5-.5l.001-2.554a.5.5 0 111 0v2.554a1.5 1.5 0 01-1.5 1.5h-8.98a1.5 1.5 0 01-1.5-1.522V4.495a1.5 1.5 0 011.5-1.478h2.951a.5.5 0 010 1H3.557z"
              fill="currentColor"
              fill-rule="evenodd"
            />
            <path
              clip-rule="evenodd"
              d="M11.002 3.694a1.3 1.3 0 100 2.6 1.3 1.3 0 000-2.6zm-2.3 1.3a2.3 2.3 0 114.6 0 2.3 2.3 0 01-4.6 0z"
              fill="currentColor"
              fill-rule="evenodd"
            />
            <path
              clip-rule="evenodd"
              d="M10.502 2.949v-.953h1v.953h-1zm0 5.051V6.98h1V8h-1zm2.549-3.502h.953v1h-.953v-1zM8 4.498h1.02v1H8v-1zm4.805 1.596l.674.674-.708.707-.673-.674.707-.707zM9.233 2.522l.722.722-.708.707-.721-.722.707-.707zm2.865.674l.673-.674.708.708-.674.673-.707-.707zM8.526 6.768l.722-.722.707.708-.722.721-.707-.707z"
              fill="currentColor"
              fill-rule="evenodd"
            />
          </svg>
        </span>
        <p
          class="StyledProps--font StyledProps--main StyledProps--color"
        >
          ELK Service
        </p>
      </div>
    </div>
    <div
      class="bp3-card bp3-interactive bp3-elevation-0 card interactive"
      data-index="4"
      tabindex="0"
    >
      <div
        class="cardIcon"
      >
        <span
          class="bp3-icon StyledProps--main"
          data-icon="advanced"
        >
          <svg
            height="25"
            viewBox="0 0 16 16"
            width="25"
            xmlns="http://www.w3.org/2000/svg"
          >
            <path
              clip-rule="evenodd"
              d="M3.557 4.017a.5.5 0 00-.5.492v7.005a.5.5 0 00.5.507h8.98a.5.5 0 00.5-.5l.001-2.554a.5.5 0 111 0v2.554a1.5 1.5 0 01-1.5 1.5h-8.98a1.5 1.5 0 01-1.5-1.522V4.495a1.5 1.5 0 011.5-1.478h2.951a.5.5 0 010 1H3.557z"
              fill="currentColor"
              fill-rule="evenodd"
            />
            <path
              clip-rule="evenodd"
              d="M11.002 3.694a1.3 1.3 0 100 2.6 1.3 1.3 0 000-2.6zm-2.3 1.3a2.3 2.3 0 114.6 0 2.3 2.3 0 01-4.6 0z"
              fill="currentColor"
              fill-rule="evenodd"
            />
            <path
              clip-rule="evenodd"
              d="M10.502 2.949v-.953h1v.953h-1zm0 5.051V6.98h1V8h-1zm2.549-3.502h.953v1h-.953v-1zM8 4.498h1.02v1H8v-1zm4.805 1.596l.674.674-.708.707-.673-.674.707-.707zM9.233 2.522l.722.722-.708.707-.721-.722.707-.707zm2.865.674l.673-.674.708.708-.674.673-.707-.707zM8.526 6.768l.722-.722.707.708-.722.721-.707-.707z"
              fill="currentColor"
              fill-rule="evenodd"
            />
          </svg>
        </span>
        <p
          class="StyledProps--font StyledProps--main StyledProps--color"
        >
          Git Labs
        </p>
      </div>
    </div>
    <div
      class="bp3-card bp3-interactive bp3-elevation-0 card interactive"
      data-index="5"
      tabindex="0"
    >
      <div
        class="cardIcon"
      >
        <span
          class="bp3-icon StyledProps--main"
          data-icon="advanced"
        >
          <svg
            height="25"
            viewBox="0 0 16 16"
            width="25"
            xmlns="http://www.w3.org/2000/svg"
          >
            <path
              clip-rule="evenodd"
              d="M3.557 4.017a.5.5 0 00-.5.492v7.005a.5.5 0 00.5.507h8.98a.5.5 0 00.5-.5l.001-2.554a.5.5 0 111 0v2.554a1.5 1.5 0 01-1.5 1.5h-8.98a1.5 1.5 0 01-1.5-1.522V4.495a1.5 1.5 0 011.5-1.478h2.951a.5.5 0 010 1H3.557z"
              fill="currentColor"
              fill-rule="evenodd"
            />
            <path
              clip-rule="evenodd"
              d="M11.002 3.694a1.3 1.3 0 100 2.6 1.3 1.3 0 000-2.6zm-2.3 1.3a2.3 2.3 0 114.6 0 2.3 2.3 0 01-4.6 0z"
              fill="currentColor"
              fill-rule="evenodd"
            />
            <path
              clip-rule="evenodd"
              d="M10.502 2.949v-.953h1v.953h-1zm0 5.051V6.98h1V8h-1zm2.549-3.502h.953v1h-.953v-1zM8 4.498h1.02v1H8v-1zm4.805 1.596l.674.674-.708.707-.673-.674.707-.707zM9.233 2.522l.722.722-.708.707-.721-.722.707-.707zm2.865.674l.673-.674.708.708-.674.673-.707-.707zM8.526 6.768l.722-.722.707.708-.722.721-.707-.707z"
              fill="currentColor"
              fill-rule="evenodd"
            />
          </svg>
        </span>
        <p
          class="StyledProps--font StyledProps--main StyledProps--color"
        >
          Datadog
        </p>
      </div>
    </div>
    <div
      class="bp3-card bp3-interactive bp3-elevation-0 card interactive"
      data-index="6"
      tabindex="0"
    >
      <div
        class="cardIcon"
      >
        <span
          class="bp3-icon StyledProps--main"
          data-icon="advanced"
        >
          <svg
            height="25"
            viewBox="0 0 16 16"
            width="25"
            xmlns="http://www.w3.org/2000/svg"
          >
            <path
              clip-rule="evenodd"
              d="M3.557 4.017a.5.5 0 00-.5.492v7.005a.5.5 0 00.5.507h8.98a.5.5 0 00.5-.5l.001-2.554a.5.5 0 111 0v2.554a1.5 1.5 0 01-1.5 1.5h-8.98a1.5 1.5 0 01-1.5-1.522V4.495a1.5 1.5 0 011.5-1.478h2.951a.5.5 0 010 1H3.557z"
              fill="currentColor"
              fill-rule="evenodd"
            />
            <path
              clip-rule="evenodd"
              d="M11.002 3.694a1.3 1.3 0 100 2.6 1.3 1.3 0 000-2.6zm-2.3 1.3a2.3 2.3 0 114.6 0 2.3 2.3 0 01-4.6 0z"
              fill="currentColor"
              fill-rule="evenodd"
            />
            <path
              clip-rule="evenodd"
              d="M10.502 2.949v-.953h1v.953h-1zm0 5.051V6.98h1V8h-1zm2.549-3.502h.953v1h-.953v-1zM8 4.498h1.02v1H8v-1zm4.805 1.596l.674.674-.708.707-.673-.674.707-.707zM9.233 2.522l.722.722-.708.707-.721-.722.707-.707zm2.865.674l.673-.674.708.708-.674.673-.707-.707zM8.526 6.768l.722-.722.707.708-.722.721-.707-.707z"
              fill="currentColor"
              fill-rule="evenodd"
            />
          </svg>
        </span>
        <p
          class="StyledProps--font StyledProps--main StyledProps--color"
        >
          Slack
        </p>
      </div>
    </div>
    <div
      class="bp3-card bp3-interactive bp3-elevation-0 card interactive"
      data-index="7"
      tabindex="0"
    >
      <div
        class="cardIcon"
      >
        <span
          class="bp3-icon StyledProps--main"
          data-icon="advanced"
        >
          <svg
            height="25"
            viewBox="0 0 16 16"
            width="25"
            xmlns="http://www.w3.org/2000/svg"
          >
            <path
              clip-rule="evenodd"
              d="M3.557 4.017a.5.5 0 00-.5.492v7.005a.5.5 0 00.5.507h8.98a.5.5 0 00.5-.5l.001-2.554a.5.5 0 111 0v2.554a1.5 1.5 0 01-1.5 1.5h-8.98a1.5 1.5 0 01-1.5-1.522V4.495a1.5 1.5 0 011.5-1.478h2.951a.5.5 0 010 1H3.557z"
              fill="currentColor"
              fill-rule="evenodd"
            />
            <path
              clip-rule="evenodd"
              d="M11.002 3.694a1.3 1.3 0 100 2.6 1.3 1.3 0 000-2.6zm-2.3 1.3a2.3 2.3 0 114.6 0 2.3 2.3 0 01-4.6 0z"
              fill="currentColor"
              fill-rule="evenodd"
            />
            <path
              clip-rule="evenodd"
              d="M10.502 2.949v-.953h1v.953h-1zm0 5.051V6.98h1V8h-1zm2.549-3.502h.953v1h-.953v-1zM8 4.498h1.02v1H8v-1zm4.805 1.596l.674.674-.708.707-.673-.674.707-.707zM9.233 2.522l.722.722-.708.707-.721-.722.707-.707zm2.865.674l.673-.674.708.708-.674.673-.707-.707zM8.526 6.768l.722-.722.707.708-.722.721-.707-.707z"
              fill="currentColor"
              fill-rule="evenodd"
            />
          </svg>
        </span>
        <p
          class="StyledProps--font StyledProps--main StyledProps--color"
        >
          Jenkins
        </p>
      </div>
    </div>
  </div>
</div>
`;

exports[`Test render Radio Select should render with selected values 1`] = `
<div>
  <div
    class="grid"
  >
    <div
      class="bp3-card bp3-interactive bp3-elevation-0 card interactive"
      data-index="0"
      tabindex="0"
    >
      <div
        class="cardIcon"
      >
        <span
          class="bp3-icon StyledProps--main"
          data-icon="service"
        >
          <svg
            height="25"
            viewBox="0 0 16 14"
            width="25"
            xmlns="http://www.w3.org/2000/svg"
          >
            <path
              d="M8.04 4.695a2.345 2.345 0 100 4.69 2.345 2.345 0 000-4.69zm0 .67a1.675 1.675 0 110 3.35 1.675 1.675 0 010-3.35zM10.398.731H5.64c-.819 0-1.578.427-2.003 1.126L1.052 6.104a2.345 2.345 0 00.055 2.525l2.529 3.774a2.345 2.345 0 001.948 1.04h4.87c.772 0 1.493-.38 1.931-1.014l2.604-3.776c.531-.77.554-1.783.056-2.576l-2.66-4.246a2.345 2.345 0 00-1.987-1.1zm-4.757.67h4.757c.577 0 1.113.297 1.419.786l2.66 4.246c.356.566.34 1.29-.04 1.84l-2.603 3.775a1.675 1.675 0 01-1.38.724h-4.87c-.559 0-1.08-.278-1.392-.742L1.663 8.256a1.675 1.675 0 01-.039-1.804L4.21 2.205c.304-.5.846-.804 1.43-.804z"
              fill="#25a6f7"
            />
          </svg>
        </span>
        <p
          class="StyledProps--font StyledProps--main StyledProps--color"
        >
          Kubernetes
        </p>
      </div>
    </div>
    <div
      class="bp3-card bp3-interactive bp3-elevation-0 card interactive"
      data-index="1"
      tabindex="0"
    >
      <div
        class="cardIcon"
      >
        <span
          class="bp3-icon StyledProps--main"
          data-icon="advanced"
        >
          <svg
            height="25"
            viewBox="0 0 16 16"
            width="25"
            xmlns="http://www.w3.org/2000/svg"
          >
            <path
              clip-rule="evenodd"
              d="M3.557 4.017a.5.5 0 00-.5.492v7.005a.5.5 0 00.5.507h8.98a.5.5 0 00.5-.5l.001-2.554a.5.5 0 111 0v2.554a1.5 1.5 0 01-1.5 1.5h-8.98a1.5 1.5 0 01-1.5-1.522V4.495a1.5 1.5 0 011.5-1.478h2.951a.5.5 0 010 1H3.557z"
              fill="currentColor"
              fill-rule="evenodd"
            />
            <path
              clip-rule="evenodd"
              d="M11.002 3.694a1.3 1.3 0 100 2.6 1.3 1.3 0 000-2.6zm-2.3 1.3a2.3 2.3 0 114.6 0 2.3 2.3 0 01-4.6 0z"
              fill="currentColor"
              fill-rule="evenodd"
            />
            <path
              clip-rule="evenodd"
              d="M10.502 2.949v-.953h1v.953h-1zm0 5.051V6.98h1V8h-1zm2.549-3.502h.953v1h-.953v-1zM8 4.498h1.02v1H8v-1zm4.805 1.596l.674.674-.708.707-.673-.674.707-.707zM9.233 2.522l.722.722-.708.707-.721-.722.707-.707zm2.865.674l.673-.674.708.708-.674.673-.707-.707zM8.526 6.768l.722-.722.707.708-.722.721-.707-.707z"
              fill="currentColor"
              fill-rule="evenodd"
            />
          </svg>
        </span>
        <p
          class="StyledProps--font StyledProps--main StyledProps--color"
        >
          Github
        </p>
      </div>
    </div>
    <div
      class="bp3-card bp3-interactive bp3-elevation-0 card selected interactive"
      data-index="2"
      tabindex="0"
    >
      <div
        class="cardIcon"
      >
        <span
          class="bp3-icon StyledProps--main"
          data-icon="advanced"
        >
          <svg
            height="25"
            viewBox="0 0 16 16"
            width="25"
            xmlns="http://www.w3.org/2000/svg"
          >
            <path
              clip-rule="evenodd"
              d="M3.557 4.017a.5.5 0 00-.5.492v7.005a.5.5 0 00.5.507h8.98a.5.5 0 00.5-.5l.001-2.554a.5.5 0 111 0v2.554a1.5 1.5 0 01-1.5 1.5h-8.98a1.5 1.5 0 01-1.5-1.522V4.495a1.5 1.5 0 011.5-1.478h2.951a.5.5 0 010 1H3.557z"
              fill="currentColor"
              fill-rule="evenodd"
            />
            <path
              clip-rule="evenodd"
              d="M11.002 3.694a1.3 1.3 0 100 2.6 1.3 1.3 0 000-2.6zm-2.3 1.3a2.3 2.3 0 114.6 0 2.3 2.3 0 01-4.6 0z"
              fill="currentColor"
              fill-rule="evenodd"
            />
            <path
              clip-rule="evenodd"
              d="M10.502 2.949v-.953h1v.953h-1zm0 5.051V6.98h1V8h-1zm2.549-3.502h.953v1h-.953v-1zM8 4.498h1.02v1H8v-1zm4.805 1.596l.674.674-.708.707-.673-.674.707-.707zM9.233 2.522l.722.722-.708.707-.721-.722.707-.707zm2.865.674l.673-.674.708.708-.674.673-.707-.707zM8.526 6.768l.722-.722.707.708-.722.721-.707-.707z"
              fill="currentColor"
              fill-rule="evenodd"
            />
          </svg>
        </span>
        <p
          class="StyledProps--font StyledProps--main StyledProps--color"
        >
          GCP
        </p>
      </div>
    </div>
    <div
      class="bp3-card bp3-interactive bp3-elevation-0 card interactive"
      data-index="3"
      tabindex="0"
    >
      <div
        class="cardIcon"
      >
        <span
          class="bp3-icon StyledProps--main"
          data-icon="advanced"
        >
          <svg
            height="25"
            viewBox="0 0 16 16"
            width="25"
            xmlns="http://www.w3.org/2000/svg"
          >
            <path
              clip-rule="evenodd"
              d="M3.557 4.017a.5.5 0 00-.5.492v7.005a.5.5 0 00.5.507h8.98a.5.5 0 00.5-.5l.001-2.554a.5.5 0 111 0v2.554a1.5 1.5 0 01-1.5 1.5h-8.98a1.5 1.5 0 01-1.5-1.522V4.495a1.5 1.5 0 011.5-1.478h2.951a.5.5 0 010 1H3.557z"
              fill="currentColor"
              fill-rule="evenodd"
            />
            <path
              clip-rule="evenodd"
              d="M11.002 3.694a1.3 1.3 0 100 2.6 1.3 1.3 0 000-2.6zm-2.3 1.3a2.3 2.3 0 114.6 0 2.3 2.3 0 01-4.6 0z"
              fill="currentColor"
              fill-rule="evenodd"
            />
            <path
              clip-rule="evenodd"
              d="M10.502 2.949v-.953h1v.953h-1zm0 5.051V6.98h1V8h-1zm2.549-3.502h.953v1h-.953v-1zM8 4.498h1.02v1H8v-1zm4.805 1.596l.674.674-.708.707-.673-.674.707-.707zM9.233 2.522l.722.722-.708.707-.721-.722.707-.707zm2.865.674l.673-.674.708.708-.674.673-.707-.707zM8.526 6.768l.722-.722.707.708-.722.721-.707-.707z"
              fill="currentColor"
              fill-rule="evenodd"
            />
          </svg>
        </span>
        <p
          class="StyledProps--font StyledProps--main StyledProps--color"
        >
          ELK Service
        </p>
      </div>
    </div>
    <div
      class="bp3-card bp3-interactive bp3-elevation-0 card interactive"
      data-index="4"
      tabindex="0"
    >
      <div
        class="cardIcon"
      >
        <span
          class="bp3-icon StyledProps--main"
          data-icon="advanced"
        >
          <svg
            height="25"
            viewBox="0 0 16 16"
            width="25"
            xmlns="http://www.w3.org/2000/svg"
          >
            <path
              clip-rule="evenodd"
              d="M3.557 4.017a.5.5 0 00-.5.492v7.005a.5.5 0 00.5.507h8.98a.5.5 0 00.5-.5l.001-2.554a.5.5 0 111 0v2.554a1.5 1.5 0 01-1.5 1.5h-8.98a1.5 1.5 0 01-1.5-1.522V4.495a1.5 1.5 0 011.5-1.478h2.951a.5.5 0 010 1H3.557z"
              fill="currentColor"
              fill-rule="evenodd"
            />
            <path
              clip-rule="evenodd"
              d="M11.002 3.694a1.3 1.3 0 100 2.6 1.3 1.3 0 000-2.6zm-2.3 1.3a2.3 2.3 0 114.6 0 2.3 2.3 0 01-4.6 0z"
              fill="currentColor"
              fill-rule="evenodd"
            />
            <path
              clip-rule="evenodd"
              d="M10.502 2.949v-.953h1v.953h-1zm0 5.051V6.98h1V8h-1zm2.549-3.502h.953v1h-.953v-1zM8 4.498h1.02v1H8v-1zm4.805 1.596l.674.674-.708.707-.673-.674.707-.707zM9.233 2.522l.722.722-.708.707-.721-.722.707-.707zm2.865.674l.673-.674.708.708-.674.673-.707-.707zM8.526 6.768l.722-.722.707.708-.722.721-.707-.707z"
              fill="currentColor"
              fill-rule="evenodd"
            />
          </svg>
        </span>
        <p
          class="StyledProps--font StyledProps--main StyledProps--color"
        >
          Git Labs
        </p>
      </div>
    </div>
    <div
      class="bp3-card bp3-interactive bp3-elevation-0 card interactive"
      data-index="5"
      tabindex="0"
    >
      <div
        class="cardIcon"
      >
        <span
          class="bp3-icon StyledProps--main"
          data-icon="advanced"
        >
          <svg
            height="25"
            viewBox="0 0 16 16"
            width="25"
            xmlns="http://www.w3.org/2000/svg"
          >
            <path
              clip-rule="evenodd"
              d="M3.557 4.017a.5.5 0 00-.5.492v7.005a.5.5 0 00.5.507h8.98a.5.5 0 00.5-.5l.001-2.554a.5.5 0 111 0v2.554a1.5 1.5 0 01-1.5 1.5h-8.98a1.5 1.5 0 01-1.5-1.522V4.495a1.5 1.5 0 011.5-1.478h2.951a.5.5 0 010 1H3.557z"
              fill="currentColor"
              fill-rule="evenodd"
            />
            <path
              clip-rule="evenodd"
              d="M11.002 3.694a1.3 1.3 0 100 2.6 1.3 1.3 0 000-2.6zm-2.3 1.3a2.3 2.3 0 114.6 0 2.3 2.3 0 01-4.6 0z"
              fill="currentColor"
              fill-rule="evenodd"
            />
            <path
              clip-rule="evenodd"
              d="M10.502 2.949v-.953h1v.953h-1zm0 5.051V6.98h1V8h-1zm2.549-3.502h.953v1h-.953v-1zM8 4.498h1.02v1H8v-1zm4.805 1.596l.674.674-.708.707-.673-.674.707-.707zM9.233 2.522l.722.722-.708.707-.721-.722.707-.707zm2.865.674l.673-.674.708.708-.674.673-.707-.707zM8.526 6.768l.722-.722.707.708-.722.721-.707-.707z"
              fill="currentColor"
              fill-rule="evenodd"
            />
          </svg>
        </span>
        <p
          class="StyledProps--font StyledProps--main StyledProps--color"
        >
          Datadog
        </p>
      </div>
    </div>
    <div
      class="bp3-card bp3-interactive bp3-elevation-0 card interactive"
      data-index="6"
      tabindex="0"
    >
      <div
        class="cardIcon"
      >
        <span
          class="bp3-icon StyledProps--main"
          data-icon="advanced"
        >
          <svg
            height="25"
            viewBox="0 0 16 16"
            width="25"
            xmlns="http://www.w3.org/2000/svg"
          >
            <path
              clip-rule="evenodd"
              d="M3.557 4.017a.5.5 0 00-.5.492v7.005a.5.5 0 00.5.507h8.98a.5.5 0 00.5-.5l.001-2.554a.5.5 0 111 0v2.554a1.5 1.5 0 01-1.5 1.5h-8.98a1.5 1.5 0 01-1.5-1.522V4.495a1.5 1.5 0 011.5-1.478h2.951a.5.5 0 010 1H3.557z"
              fill="currentColor"
              fill-rule="evenodd"
            />
            <path
              clip-rule="evenodd"
              d="M11.002 3.694a1.3 1.3 0 100 2.6 1.3 1.3 0 000-2.6zm-2.3 1.3a2.3 2.3 0 114.6 0 2.3 2.3 0 01-4.6 0z"
              fill="currentColor"
              fill-rule="evenodd"
            />
            <path
              clip-rule="evenodd"
              d="M10.502 2.949v-.953h1v.953h-1zm0 5.051V6.98h1V8h-1zm2.549-3.502h.953v1h-.953v-1zM8 4.498h1.02v1H8v-1zm4.805 1.596l.674.674-.708.707-.673-.674.707-.707zM9.233 2.522l.722.722-.708.707-.721-.722.707-.707zm2.865.674l.673-.674.708.708-.674.673-.707-.707zM8.526 6.768l.722-.722.707.708-.722.721-.707-.707z"
              fill="currentColor"
              fill-rule="evenodd"
            />
          </svg>
        </span>
        <p
          class="StyledProps--font StyledProps--main StyledProps--color"
        >
          Slack
        </p>
      </div>
    </div>
    <div
      class="bp3-card bp3-interactive bp3-elevation-0 card interactive"
      data-index="7"
      tabindex="0"
    >
      <div
        class="cardIcon"
      >
        <span
          class="bp3-icon StyledProps--main"
          data-icon="advanced"
        >
          <svg
            height="25"
            viewBox="0 0 16 16"
            width="25"
            xmlns="http://www.w3.org/2000/svg"
          >
            <path
              clip-rule="evenodd"
              d="M3.557 4.017a.5.5 0 00-.5.492v7.005a.5.5 0 00.5.507h8.98a.5.5 0 00.5-.5l.001-2.554a.5.5 0 111 0v2.554a1.5 1.5 0 01-1.5 1.5h-8.98a1.5 1.5 0 01-1.5-1.522V4.495a1.5 1.5 0 011.5-1.478h2.951a.5.5 0 010 1H3.557z"
              fill="currentColor"
              fill-rule="evenodd"
            />
            <path
              clip-rule="evenodd"
              d="M11.002 3.694a1.3 1.3 0 100 2.6 1.3 1.3 0 000-2.6zm-2.3 1.3a2.3 2.3 0 114.6 0 2.3 2.3 0 01-4.6 0z"
              fill="currentColor"
              fill-rule="evenodd"
            />
            <path
              clip-rule="evenodd"
              d="M10.502 2.949v-.953h1v.953h-1zm0 5.051V6.98h1V8h-1zm2.549-3.502h.953v1h-.953v-1zM8 4.498h1.02v1H8v-1zm4.805 1.596l.674.674-.708.707-.673-.674.707-.707zM9.233 2.522l.722.722-.708.707-.721-.722.707-.707zm2.865.674l.673-.674.708.708-.674.673-.707-.707zM8.526 6.768l.722-.722.707.708-.722.721-.707-.707z"
              fill="currentColor"
              fill-rule="evenodd"
            />
          </svg>
        </span>
        <p
          class="StyledProps--font StyledProps--main StyledProps--color"
        >
          Jenkins
        </p>
      </div>
    </div>
  </div>
</div>
`;
