// Jest Snapshot v1, https://goo.gl/fbAQLP

exports[`Test MultiStepProgressIndicator Basic render 1`] = `
<div>
  <div
    class="horizontal layout-spacing-undefined StyledProps--main"
  >
    <div
      class="horizontal layout-spacing-undefined StyledProps--main StyledProps--flex"
    >
      <div
        class="dot dotSuccess spacing"
      />
    </div>
    <div
      class="horizontal layout-spacing-undefined StyledProps--main StyledProps--flex"
    >
      <div
        class="statusBar"
      >
        <div
          class="bar fullBar"
        />
      </div>
      <div
        class="dot dotOutLine spacing"
      />
    </div>
    <div
      class="horizontal layout-spacing-undefined StyledProps--main StyledProps--flex"
    >
      <div
        class="statusBar"
      >
        <div
          class="bar fullBar"
        />
        <div
          class="bar barSuccess halfBar"
        />
      </div>
      <div
        class="dot dotOutLine spacing"
      />
    </div>
    <div
      class="horizontal layout-spacing-undefined StyledProps--main StyledProps--flex"
    >
      <div
        class="statusBar"
      >
        <div
          class="bar fullBar"
        />
      </div>
      <div
        class="dot dotOutLine spacing"
      />
    </div>
  </div>
</div>
`;
