// Jest Snapshot v1, https://goo.gl/fbAQLP

exports[`OverlayLoader Test  1`] = `
<body>
  <div>
    <div
      class="overlaySpinner"
    >
      <div>
        DummyComponent
      </div>
    </div>
  </div>
</body>
`;

exports[`OverlayLoader Test  2`] = `
<body>
  <div>
    <div
      class="overlaySpinner"
    >
      <div>
        DummyComponent
      </div>
      <div
        class="overlay"
      >
        <div
          class="bp3-spinner"
        >
          <div
            class="bp3-spinner-animation"
          >
            <svg
              height="50"
              stroke-width="8.00"
              viewBox="1.00 1.00 98.00 98.00"
              width="50"
            >
              <path
                class="bp3-spinner-track"
                d="M 50,50 m 0,-45 a 45,45 0 1 1 0,90 a 45,45 0 1 1 0,-90"
              />
              <path
                class="bp3-spinner-head"
                d="M 50,50 m 0,-45 a 45,45 0 1 1 0,90 a 45,45 0 1 1 0,-90"
                pathLength="280"
                stroke-dasharray="280 280"
                stroke-dashoffset="210"
              />
            </svg>
          </div>
        </div>
      </div>
    </div>
  </div>
</body>
`;
