// Jest Snapshot v1, https://goo.gl/fbAQLP

exports[`Card icon test should render cards with props selected and interactive 1`] = `
<div>
  <div
    class="bp3-card bp3-interactive bp3-elevation-0 card selected interactive"
    tabindex="0"
  >
    <div
      class="cardIcon"
    >
      <span
        class="bp3-icon StyledProps--main"
        data-icon="service-kubernetes"
      >
        <svg
          height="25"
          viewBox="0 0 14 14"
          width="25"
          xmlns="http://www.w3.org/2000/svg"
        >
          <path
            d="M7 .4c-.1 0-.2 0-.3.1L2 2.7c-.2.1-.4.3-.5.6l-1.2 5c-.1.2 0 .5.1.7l.1.1 3.2 4c.2.2.4.3.7.3h5.2c.3 0 .5-.1.7-.3l3.2-4c.2-.2.2-.5.2-.7l-1.2-5c-.1-.3-.2-.5-.5-.6L7.3.6c0-.1-.2-.2-.3-.2z"
            fill="#326ce5"
          />
          <path
            d="M7 2.1c-.2 0-.3.1-.3.3v.9c0 .1-.1.1-.1.1v.1c-.2 0-.3 0-.5.1-.7.2-1.4.5-1.8 1l-.1-.1H4c-.1-.1-.2-.2-.4-.3L3.4 4h-.1c-.1 0-.1-.1-.2-.1s-.2 0-.2.1c-.1.1-.1.3.1.4h.1c.1.1.2.1.2.1.2.1.3.2.4.3 0 0 .1.1.1.2l.1.1c-.5.7-.7 1.6-.6 2.5h-.1l-.1.1c-.1 0-.3.1-.5.1h-.4c-.2 0-.3.2-.2.3 0 .1.2.2.4.2h.1c.1 0 .2-.1.3-.1.2-.1.3-.1.5-.1.1 0 .1 0 .2.1h.1c.3.9.9 1.6 1.6 2l-.1.1v.2c-.1.1-.1.3-.3.5-.1.1-.1.1-.1.2v.1c-.1.2 0 .3.1.4s.3 0 .4-.2v-.1c0-.1.1-.2.1-.3.1-.2.1-.4.2-.5 0 0 .1 0 .1-.1l.1-.1c.6.2 1.4.3 2.1.2.2 0 .3-.1.5-.1l.1.1s.1 0 .1.1c.1.1.1.3.2.5 0 .1 0 .2.1.3v.1c.1.2.2.2.4.2.1-.1.2-.2.1-.4v-.1c0-.1-.1-.1-.1-.2-.1-.2-.2-.3-.2-.4V10.4c.8-.5 1.3-1.2 1.6-2h.1s.1-.1.2-.1.3.1.5.1c.1 0 .2.1.3.1h.1c.2 0 .3-.1.4-.2 0-.1-.1-.3-.2-.3h-.4c-.2 0-.4 0-.5-.1-.1 0-.1-.1-.1-.1h-.1c.1-.4 0-.9-.1-1.3s-.3-.9-.5-1.2l.1-.1c0-.1 0-.1.1-.2s.2-.2.4-.3c.1 0 .2-.1.2-.1h.1c.1-.1.2-.3.1-.4s-.3-.1-.4 0h-.1l-.2.2c-.1.1-.3.3-.4.3H10l-.1.1c-.6-.6-1.4-1-2.3-1.1v-.1l-.1-.1V3v-.4c-.2-.3-.3-.5-.5-.5zm-.3 2.2l-.1 1.5c0 .1-.1.2-.2.2h-.1l-1.2-.9c.4-.4.8-.6 1.4-.8zm.7 0c.6.1 1.2.4 1.7.8l-1.2.8c-.1.1-.3.1-.3 0l-.1-.1zM4.6 5.7l1.1 1c.1.1.1.2 0 .3l-.1.1-1.4.4c-.1-.7 0-1.3.4-1.8zm4.9 0c.2.3.3.6.4.9s.1.6.1.9l-1.4-.4c-.1 0-.2-.2-.2-.3s0-.1.1-.1zm-2.7 1h.4l.3.3-.1.4-.4.2-.4-.2-.1-.4zm1.4 1.2c.1 0 .1 0 0 0l1.5.2c-.2.6-.6 1.1-1.2 1.5l-.6-1.4c.1-.1.1-.2.3-.3zm-2.4 0c.1 0 .2.1.2.2v.2l-.6 1.4c-.5-.3-.9-.8-1.2-1.5zm1.2.6l.2.1.7 1.3c-.1 0-.2.1-.3.1-.5.1-1.1.1-1.6-.1l.7-1.3c.2 0 .2-.1.3-.1z"
            fill="#fff"
            stroke="#fff"
            stroke-width="0.25"
          />
        </svg>
      </span>
      <p
        class="StyledProps--font StyledProps--main StyledProps--font-medium"
        style="margin-top: 5px;"
      >
        Jenkin Artifact
      </p>
    </div>
  </div>
</div>
`;

exports[`Card icon test should render icon card with no props 1`] = `
<div>
  <div
    class="bp3-card bp3-elevation-0 card"
  >
    <div
      class="cardIcon"
    >
      <span
        class="bp3-icon StyledProps--main"
        data-icon="service-kubernetes"
      >
        <svg
          height="25"
          viewBox="0 0 14 14"
          width="25"
          xmlns="http://www.w3.org/2000/svg"
        >
          <path
            d="M7 .4c-.1 0-.2 0-.3.1L2 2.7c-.2.1-.4.3-.5.6l-1.2 5c-.1.2 0 .5.1.7l.1.1 3.2 4c.2.2.4.3.7.3h5.2c.3 0 .5-.1.7-.3l3.2-4c.2-.2.2-.5.2-.7l-1.2-5c-.1-.3-.2-.5-.5-.6L7.3.6c0-.1-.2-.2-.3-.2z"
            fill="#326ce5"
          />
          <path
            d="M7 2.1c-.2 0-.3.1-.3.3v.9c0 .1-.1.1-.1.1v.1c-.2 0-.3 0-.5.1-.7.2-1.4.5-1.8 1l-.1-.1H4c-.1-.1-.2-.2-.4-.3L3.4 4h-.1c-.1 0-.1-.1-.2-.1s-.2 0-.2.1c-.1.1-.1.3.1.4h.1c.1.1.2.1.2.1.2.1.3.2.4.3 0 0 .1.1.1.2l.1.1c-.5.7-.7 1.6-.6 2.5h-.1l-.1.1c-.1 0-.3.1-.5.1h-.4c-.2 0-.3.2-.2.3 0 .1.2.2.4.2h.1c.1 0 .2-.1.3-.1.2-.1.3-.1.5-.1.1 0 .1 0 .2.1h.1c.3.9.9 1.6 1.6 2l-.1.1v.2c-.1.1-.1.3-.3.5-.1.1-.1.1-.1.2v.1c-.1.2 0 .3.1.4s.3 0 .4-.2v-.1c0-.1.1-.2.1-.3.1-.2.1-.4.2-.5 0 0 .1 0 .1-.1l.1-.1c.6.2 1.4.3 2.1.2.2 0 .3-.1.5-.1l.1.1s.1 0 .1.1c.1.1.1.3.2.5 0 .1 0 .2.1.3v.1c.1.2.2.2.4.2.1-.1.2-.2.1-.4v-.1c0-.1-.1-.1-.1-.2-.1-.2-.2-.3-.2-.4V10.4c.8-.5 1.3-1.2 1.6-2h.1s.1-.1.2-.1.3.1.5.1c.1 0 .2.1.3.1h.1c.2 0 .3-.1.4-.2 0-.1-.1-.3-.2-.3h-.4c-.2 0-.4 0-.5-.1-.1 0-.1-.1-.1-.1h-.1c.1-.4 0-.9-.1-1.3s-.3-.9-.5-1.2l.1-.1c0-.1 0-.1.1-.2s.2-.2.4-.3c.1 0 .2-.1.2-.1h.1c.1-.1.2-.3.1-.4s-.3-.1-.4 0h-.1l-.2.2c-.1.1-.3.3-.4.3H10l-.1.1c-.6-.6-1.4-1-2.3-1.1v-.1l-.1-.1V3v-.4c-.2-.3-.3-.5-.5-.5zm-.3 2.2l-.1 1.5c0 .1-.1.2-.2.2h-.1l-1.2-.9c.4-.4.8-.6 1.4-.8zm.7 0c.6.1 1.2.4 1.7.8l-1.2.8c-.1.1-.3.1-.3 0l-.1-.1zM4.6 5.7l1.1 1c.1.1.1.2 0 .3l-.1.1-1.4.4c-.1-.7 0-1.3.4-1.8zm4.9 0c.2.3.3.6.4.9s.1.6.1.9l-1.4-.4c-.1 0-.2-.2-.2-.3s0-.1.1-.1zm-2.7 1h.4l.3.3-.1.4-.4.2-.4-.2-.1-.4zm1.4 1.2c.1 0 .1 0 0 0l1.5.2c-.2.6-.6 1.1-1.2 1.5l-.6-1.4c.1-.1.1-.2.3-.3zm-2.4 0c.1 0 .2.1.2.2v.2l-.6 1.4c-.5-.3-.9-.8-1.2-1.5zm1.2.6l.2.1.7 1.3c-.1 0-.2.1-.3.1-.5.1-1.1.1-1.6-.1l.7-1.3c.2 0 .2-.1.3-.1z"
            fill="#fff"
            stroke="#fff"
            stroke-width="0.25"
          />
        </svg>
      </span>
      <p
        class="StyledProps--font StyledProps--main StyledProps--font-medium"
        style="margin-top: 5px;"
      >
        Jenkin Artifact
      </p>
    </div>
  </div>
</div>
`;

exports[`Card menu test should render cards with props selected and interactive 1`] = `
<div>
  <div
    class="bp3-card bp3-interactive bp3-elevation-0 card selected interactive"
    tabindex="0"
  >
    <div
      class="cardMenu colorIdentifier"
      style="color: red;"
    >
      <div
        class="dots"
      >
        <span
          class="bp3-popover-wrapper"
        >
          <span
            class="bp3-popover-target"
          >
            <button
              class="bp3-button bp3-minimal button StyledProps--font StyledProps--main menu with-current-color round iconOnly without-shadow withLeftIcon"
              type="button"
            >
              <span
                class="bp3-icon bp3-icon-more StyledProps--main"
                icon="more"
              >
                <svg
                  data-icon="more"
                  height="16"
                  viewBox="0 0 16 16"
                  width="16"
                >
                  <desc>
                    more
                  </desc>
                  <path
                    d="M2 6.03a2 2 0 100 4 2 2 0 100-4zM14 6.03a2 2 0 100 4 2 2 0 100-4zM8 6.03a2 2 0 100 4 2 2 0 100-4z"
                    fill-rule="evenodd"
                  />
                </svg>
              </span>
            </button>
          </span>
        </span>
      </div>
      <p
        class="StyledProps--font StyledProps--main title StyledProps--font-medium"
      >
        Jenkins Artifact
      </p>
      <p
        class="StyledProps--font StyledProps--main StyledProps--font-medium"
        style="margin-top: 5px;"
      >
        Jenkin Artifact
      </p>
    </div>
  </div>
</div>
`;

exports[`Card menu test should render icon card with no props 1`] = `
<div>
  <div
    class="bp3-card bp3-elevation-0 card"
  >
    <div
      class="cardMenu colorIdentifier"
      style="color: red;"
    >
      <div
        class="dots"
      >
        <span
          class="bp3-popover-wrapper"
        >
          <span
            class="bp3-popover-target"
          >
            <button
              class="bp3-button bp3-minimal button StyledProps--font StyledProps--main menu with-current-color round iconOnly without-shadow withLeftIcon"
              type="button"
            >
              <span
                class="bp3-icon bp3-icon-more StyledProps--main"
                icon="more"
              >
                <svg
                  data-icon="more"
                  height="16"
                  viewBox="0 0 16 16"
                  width="16"
                >
                  <desc>
                    more
                  </desc>
                  <path
                    d="M2 6.03a2 2 0 100 4 2 2 0 100-4zM14 6.03a2 2 0 100 4 2 2 0 100-4zM8 6.03a2 2 0 100 4 2 2 0 100-4z"
                    fill-rule="evenodd"
                  />
                </svg>
              </span>
            </button>
          </span>
        </span>
      </div>
      <p
        class="StyledProps--font StyledProps--main title StyledProps--font-medium"
      >
        Jenkins Artifact
      </p>
      <p
        class="StyledProps--font StyledProps--main StyledProps--font-medium"
        style="margin-top: 5px;"
      >
        Jenkin Artifact
      </p>
    </div>
  </div>
</div>
`;

exports[`Card test should render cards with no props 1`] = `
<div>
  <div
    class="bp3-card bp3-elevation-0 card"
  >
    <p
      class="StyledProps--font StyledProps--main StyledProps--font-medium"
      style="margin-top: 5px;"
    >
      Jenkin Artifact
    </p>
  </div>
</div>
`;

exports[`Card test should render cards with props selected and interactive 1`] = `
<div>
  <div
    class="bp3-card bp3-interactive bp3-elevation-0 card selected interactive"
    tabindex="0"
  >
    <p
      class="StyledProps--font StyledProps--main StyledProps--font-medium"
      style="margin-top: 5px;"
    >
      Jenkin Artifact
    </p>
  </div>
</div>
`;
