// Jest Snapshot v1, https://goo.gl/fbAQLP

exports[`PillToggle should show disable reason icon when showDisableToggleReason is true 1`] = `
<div>
  <div
    class="optionBtns"
  >
    <div
      class="item disabledMode"
      data-name="toggle-option-one"
      role="button"
      tabindex="0"
    >
      VISUAL
      <span
        class="bp3-popover-wrapper bp3-dark"
      >
        <span
          class="bp3-popover-target"
        >
          <span
            class="bp3-icon StyledProps--main disableToggleReasonIcon StyledProps--intent-danger"
            data-icon="error-outline"
            data-testid="invalid-icon"
            tabindex="0"
          >
            <svg
              fill="none"
              height="12"
              viewBox="0 0 16 16"
              width="12"
              xmlns="http://www.w3.org/2000/svg"
            >
              <path
                d="M7.423 1.631a.667.667 0 011.154 0l6.543 11.333a.667.667 0 01-.577 1H1.457a.667.667 0 01-.577-1L7.423 1.631z"
                fill="#fff"
              />
              <path
                clip-rule="evenodd"
                d="M7.57 2.253a.5.5 0 01.869 0l5.993 10.5a.5.5 0 01-.434.747H2.011a.5.5 0 01-.434-.748L7.57 2.253zm.407 8.242c.422 0 .763.333.763.744a.754.754 0 01-.763.745.754.754 0 01-.763-.745c0-.411.341-.745.763-.745zm.5-1.498a.5.5 0 11-1 0V5.498a.5.5 0 111 0v3.499z"
                fill="currentColor"
                fill-rule="evenodd"
              />
            </svg>
          </span>
        </span>
      </span>
    </div>
    <div
      class="item selected disabledMode"
      data-name="toggle-option-two"
      role="button"
      tabindex="0"
    >
      YAML
    </div>
  </div>
</div>
`;

exports[`PillToggle snapshot testing on initial render 1`] = `
<div>
  <div
    class="optionBtns"
  >
    <div
      class="item selected"
      data-name="toggle-option-one"
      role="button"
      tabindex="0"
    >
      VISUAL
    </div>
    <div
      class="item"
      data-name="toggle-option-two"
      role="button"
      tabindex="0"
    >
      YAML
    </div>
  </div>
</div>
`;
