// Jest Snapshot v1, https://goo.gl/fbAQLP

exports[`Render basic component should check snapshot 1`] = `
<div>
  <div
    class="vertical layout-spacing-xsmall StyledProps--main carousel StyledProps--padding-small"
  >
    <div
      class="carouselView"
    >
      <div
        class="carouselItem active"
      >
        <div
          style="background-color: red; height: 400px; color: white; text-align: center;"
        >
          Image 1
        </div>
      </div>
      <div
        class="carouselItem carouselItemNext"
      >
        <div
          style="background-color: blue; height: 400px; color: white; text-align: center;"
        >
          Image 2
        </div>
      </div>
      <div
        class="carouselItem"
      >
        <div
          style="background-color: green; height: 400px; color: white; text-align: center;"
        >
          Image 3
        </div>
      </div>
      <div
        class="carouselItem"
      >
        <div
          style="background-color: red; height: 400px; color: white; text-align: center;"
        >
          Image 4
        </div>
      </div>
      <div
        class="carouselItem"
      >
        <div
          style="background-color: blue; height: 400px; color: white; text-align: center;"
        >
          Image 5
        </div>
      </div>
      <div
        class="carouselItem"
      >
        <div
          style="background-color: green; height: 400px; color: white; text-align: center;"
        >
          Image 6
        </div>
      </div>
      <div
        class="carouselRight"
      >
        <div>
          <span
            class="bp3-icon StyledProps--main StyledProps--color StyledProps--color-white"
            data-icon="main-chevron-right"
          >
            <svg
              height="20"
              viewBox="0 0 8 14"
              width="20"
              xmlns="http://www.w3.org/2000/svg"
            >
              <path
                d="M7.7 6.3l-6-6C1.5.1 1.3 0 1 0 .4 0 0 .4 0 1c0 .3.1.5.3.7L5.6 7 .3 12.3c-.2.2-.3.4-.3.7 0 .6.4 1 1 1 .3 0 .5-.1.7-.3l6-6c.2-.2.3-.4.3-.7s-.1-.5-.3-.7z"
                fill="#4d5969"
              />
            </svg>
          </span>
        </div>
      </div>
    </div>
    <div
      class="carouselIndicators"
    >
      <span
        class="indicator active"
      />
      <span
        class="indicator"
      />
      <span
        class="indicator"
      />
      <span
        class="indicator"
      />
      <span
        class="indicator"
      />
      <span
        class="indicator"
      />
    </div>
  </div>
</div>
`;
