// Jest Snapshot v1, https://goo.gl/fbAQLP

exports[`GraphError unit tests Render GraphError with title and link should match snapshot 1`] = `
<div>
  <div
    class="font main"
  >
    <div
      class="font main"
    >
      <span
        aria-hidden="true"
        class="bp3-icon bp3-icon-error main"
        icon="error"
      >
        <svg
          data-icon="error"
          height="120"
          viewBox="0 0 20 20"
          width="120"
        >
          <path
            d="M10 0C4.48 0 0 4.48 0 10s4.48 10 10 10 10-4.48 10-10S15.52 0 10 0zm1 16H9v-2h2v2zm0-3H9V4h2v9z"
            fill-rule="evenodd"
          />
        </svg>
      </span>
    </div>
    <div
      class="font main title"
    >
      <strong>
        Error occured
      </strong>
    </div>
    <span
      class="link"
    >
      <a>
        View in Splunk
      </a>
    </span>
  </div>
</div>
`;
