// Jest Snapshot v1, https://goo.gl/fbAQLP

exports[`PageSubHeader test snapshot testing 1`] = `
<div>
  <div
    class="horizontal layout-spacing-undefined StyledProps--main container StyledProps--flex"
  >
    <button
      aria-label="Add Pipeline"
      class="bp3-button button StyledProps--font StyledProps--main StyledProps--intent-primary with-current-color"
      data-testid="add-pipeline"
      type="button"
    >
      <span
        class="bp3-button-text"
      >
        Add Pipeline
      </span>
    </button>
  </div>
</div>
`;
